x_nucleo_iks01a2_pressure.c:129:25:BSP_LPS22HB_PRESSURE_Init	24	static
x_nucleo_iks01a2_pressure.c:99:18:BSP_PRESSURE_Init	8	static
x_nucleo_iks01a2_pressure.c:190:18:BSP_PRESSURE_DeInit	16	static
x_nucleo_iks01a2_pressure.c:226:18:BSP_PRESSURE_Sensor_Enable	8	static
x_nucleo_iks01a2_pressure.c:259:18:BSP_PRESSURE_Sensor_Disable	8	static
x_nucleo_iks01a2_pressure.c:293:18:BSP_PRESSURE_IsInitialized	0	static
x_nucleo_iks01a2_pressure.c:320:18:BSP_PRESSURE_IsEnabled	0	static
x_nucleo_iks01a2_pressure.c:347:18:BSP_PRESSURE_IsCombo	0	static
x_nucleo_iks01a2_pressure.c:374:18:BSP_PRESSURE_Get_Instance	0	static
x_nucleo_iks01a2_pressure.c:401:18:BSP_PRESSURE_Get_WhoAmI	8	static
x_nucleo_iks01a2_pressure.c:437:18:BSP_PRESSURE_Check_WhoAmI	8	static
x_nucleo_iks01a2_pressure.c:470:18:BSP_PRESSURE_Get_Press	8	static
x_nucleo_iks01a2_pressure.c:507:18:BSP_PRESSURE_Get_ODR	8	static
x_nucleo_iks01a2_pressure.c:544:18:BSP_PRESSURE_Set_ODR	8	static
x_nucleo_iks01a2_pressure.c:577:18:BSP_PRESSURE_Set_ODR_Value	8	static
x_nucleo_iks01a2_pressure.c:611:18:BSP_PRESSURE_Read_Reg	8	static
x_nucleo_iks01a2_pressure.c:652:18:BSP_PRESSURE_Write_Reg	8	static
x_nucleo_iks01a2_pressure.c:687:18:BSP_PRESSURE_Get_DRDY_Status	8	static
x_nucleo_iks01a2_pressure.c:721:18:BSP_PRESSURE_FIFO_Get_Fth_Status_Ext	8	static
x_nucleo_iks01a2_pressure.c:771:18:BSP_PRESSURE_FIFO_Get_Full_Status_Ext	8	static
x_nucleo_iks01a2_pressure.c:822:18:BSP_PRESSURE_FIFO_Get_Ovr_Status_Ext	8	static
x_nucleo_iks01a2_pressure.c:874:18:BSP_PRESSURE_FIFO_Get_Data_Ext	16	static
x_nucleo_iks01a2_pressure.c:925:18:BSP_PRESSURE_FIFO_Get_Num_Of_Samples_Ext	8	static
x_nucleo_iks01a2_pressure.c:976:18:BSP_PRESSURE_FIFO_Set_Mode_Ext	8	static
x_nucleo_iks01a2_pressure.c:1022:18:BSP_PRESSURE_FIFO_Set_Interrupt_Ext	8	static
x_nucleo_iks01a2_pressure.c:1068:18:BSP_PRESSURE_FIFO_Reset_Interrupt_Ext	8	static
x_nucleo_iks01a2_pressure.c:1114:18:BSP_PRESSURE_FIFO_Set_Watermark_Level_Ext	8	static
x_nucleo_iks01a2_pressure.c:1160:18:BSP_PRESSURE_FIFO_Stop_On_Fth_Ext	8	static
x_nucleo_iks01a2_pressure.c:1206:18:BSP_PRESSURE_FIFO_Usage_Ext	8	static
