x_nucleo_iks01a2_humidity.c:119:25:BSP_HTS221_HUMIDITY_Init	24	static
x_nucleo_iks01a2_humidity.c:88:18:BSP_HUMIDITY_Init	8	static
x_nucleo_iks01a2_humidity.c:177:18:BSP_HUMIDITY_DeInit	16	static
x_nucleo_iks01a2_humidity.c:215:18:BSP_HUMIDITY_Sensor_Enable	8	static
x_nucleo_iks01a2_humidity.c:249:18:BSP_HUMIDITY_Sensor_Disable	8	static
x_nucleo_iks01a2_humidity.c:283:18:BSP_HUMIDITY_IsInitialized	0	static
x_nucleo_iks01a2_humidity.c:310:18:BSP_HUMIDITY_IsEnabled	0	static
x_nucleo_iks01a2_humidity.c:337:18:BSP_HUMIDITY_IsCombo	0	static
x_nucleo_iks01a2_humidity.c:364:18:BSP_HUMIDITY_Get_Instance	0	static
x_nucleo_iks01a2_humidity.c:392:18:BSP_HUMIDITY_Get_WhoAmI	8	static
x_nucleo_iks01a2_humidity.c:429:18:BSP_HUMIDITY_Check_WhoAmI	8	static
x_nucleo_iks01a2_humidity.c:463:18:BSP_HUMIDITY_Get_Hum	8	static
x_nucleo_iks01a2_humidity.c:501:18:BSP_HUMIDITY_Get_ODR	8	static
x_nucleo_iks01a2_humidity.c:539:18:BSP_HUMIDITY_Set_ODR	8	static
x_nucleo_iks01a2_humidity.c:573:18:BSP_HUMIDITY_Set_ODR_Value	8	static
x_nucleo_iks01a2_humidity.c:607:18:BSP_HUMIDITY_Read_Reg	8	static
x_nucleo_iks01a2_humidity.c:648:18:BSP_HUMIDITY_Write_Reg	8	static
x_nucleo_iks01a2_humidity.c:683:18:BSP_HUMIDITY_Get_DRDY_Status	8	static
