x_nucleo_iks01a2_temperature.c:133:25:BSP_HTS221_TEMPERATURE_Init	24	static
x_nucleo_iks01a2_temperature.c:185:25:BSP_LPS22HB_TEMPERATURE_Init	24	static
x_nucleo_iks01a2_temperature.c:90:18:BSP_TEMPERATURE_Init	16	static
x_nucleo_iks01a2_temperature.c:246:18:BSP_TEMPERATURE_DeInit	16	static
x_nucleo_iks01a2_temperature.c:282:18:BSP_TEMPERATURE_Sensor_Enable	8	static
x_nucleo_iks01a2_temperature.c:315:18:BSP_TEMPERATURE_Sensor_Disable	8	static
x_nucleo_iks01a2_temperature.c:349:18:BSP_TEMPERATURE_IsInitialized	0	static
x_nucleo_iks01a2_temperature.c:376:18:BSP_TEMPERATURE_IsEnabled	0	static
x_nucleo_iks01a2_temperature.c:403:18:BSP_TEMPERATURE_IsCombo	0	static
x_nucleo_iks01a2_temperature.c:430:18:BSP_TEMPERATURE_Get_Instance	0	static
x_nucleo_iks01a2_temperature.c:458:18:BSP_TEMPERATURE_Get_WhoAmI	8	static
x_nucleo_iks01a2_temperature.c:494:18:BSP_TEMPERATURE_Check_WhoAmI	8	static
x_nucleo_iks01a2_temperature.c:527:18:BSP_TEMPERATURE_Get_Temp	8	static
x_nucleo_iks01a2_temperature.c:564:18:BSP_TEMPERATURE_Get_ODR	8	static
x_nucleo_iks01a2_temperature.c:601:18:BSP_TEMPERATURE_Set_ODR	8	static
x_nucleo_iks01a2_temperature.c:634:18:BSP_TEMPERATURE_Set_ODR_Value	8	static
x_nucleo_iks01a2_temperature.c:668:18:BSP_TEMPERATURE_Read_Reg	8	static
x_nucleo_iks01a2_temperature.c:708:18:BSP_TEMPERATURE_Write_Reg	8	static
x_nucleo_iks01a2_temperature.c:742:18:BSP_TEMPERATURE_Get_DRDY_Status	8	static
x_nucleo_iks01a2_temperature.c:776:18:BSP_TEMPERATURE_FIFO_Get_Fth_Status_Ext	8	static
x_nucleo_iks01a2_temperature.c:826:18:BSP_TEMPERATURE_FIFO_Get_Full_Status_Ext	8	static
x_nucleo_iks01a2_temperature.c:877:18:BSP_TEMPERATURE_FIFO_Get_Ovr_Status_Ext	8	static
x_nucleo_iks01a2_temperature.c:929:18:BSP_TEMPERATURE_FIFO_Get_Data_Ext	16	static
x_nucleo_iks01a2_temperature.c:980:18:BSP_TEMPERATURE_FIFO_Get_Num_Of_Samples_Ext	8	static
x_nucleo_iks01a2_temperature.c:1031:18:BSP_TEMPERATURE_FIFO_Set_Mode_Ext	8	static
x_nucleo_iks01a2_temperature.c:1077:18:BSP_TEMPERATURE_FIFO_Set_Interrupt_Ext	8	static
x_nucleo_iks01a2_temperature.c:1123:18:BSP_TEMPERATURE_FIFO_Reset_Interrupt_Ext	8	static
x_nucleo_iks01a2_temperature.c:1169:18:BSP_TEMPERATURE_FIFO_Set_Watermark_Level_Ext	8	static
x_nucleo_iks01a2_temperature.c:1215:18:BSP_TEMPERATURE_FIFO_Stop_On_Fth_Ext	8	static
x_nucleo_iks01a2_temperature.c:1261:18:BSP_TEMPERATURE_FIFO_Usage_Ext	8	static
