HTS221_Driver.c:94:17:HTS221_ReadReg	8	static
HTS221_Driver.c:113:17:HTS221_WriteReg	8	static
HTS221_Driver.c:130:17:HTS221_Get_DriverVersion	0	static
HTS221_Driver.c:145:17:HTS221_Get_DeviceID	8	static
HTS221_Driver.c:212:17:HTS221_Get_InitConfig	24	static
HTS221_Driver.c:242:17:HTS221_DeInit	24	static
HTS221_Driver.c:287:17:HTS221_Get_RawMeasurement	24	static
HTS221_Driver.c:306:17:HTS221_Get_Humidity	56	static
HTS221_Driver.c:346:17:HTS221_Get_HumidityRaw	24	static
HTS221_Driver.c:364:17:HTS221_Get_Temperature	64	static
HTS221_Driver.c:272:17:HTS221_Get_Measurement	16	static
HTS221_Driver.c:406:17:HTS221_Get_TemperatureRaw	24	static
HTS221_Driver.c:426:17:HTS221_Get_DataStatus	24	static
HTS221_Driver.c:445:17:HTS221_Activate	24	static
HTS221_Driver.c:465:17:HTS221_DeActivate	24	static
HTS221_Driver.c:488:17:HTS221_IsMeasurementCompleted	24	static
HTS221_Driver.c:586:17:HTS221_Get_AvgHT	24	static
HTS221_Driver.c:631:17:HTS221_Get_BduMode	24	static
HTS221_Driver.c:675:17:HTS221_Get_PowerDownMode	24	static
HTS221_Driver.c:718:17:HTS221_Get_Odr	24	static
HTS221_Driver.c:736:17:HTS221_MemoryBoot	24	static
HTS221_Driver.c:782:17:HTS221_Get_HeaterState	24	static
HTS221_Driver.c:800:17:HTS221_StartOneShotMeasurement	24	static
HTS221_Driver.c:848:17:HTS221_Get_IrqActiveLevel	24	static
HTS221_Driver.c:891:17:HTS221_Get_IrqOutputType	24	static
HTS221_Driver.c:934:17:HTS221_Get_IrqEnable	24	static
HTS221_Driver.c:955:6:HTS221_assert_failed	8	static
HTS221_Driver.c:160:17:HTS221_Set_InitConfig	24	static
HTS221_Driver.c:511:17:HTS221_Set_AvgHT	32	static
HTS221_Driver.c:537:17:HTS221_Set_AvgH	24	static
HTS221_Driver.c:561:17:HTS221_Set_AvgT	24	static
HTS221_Driver.c:607:17:HTS221_Set_BduMode	24	static
HTS221_Driver.c:651:17:HTS221_Set_PowerDownMode	24	static
HTS221_Driver.c:694:17:HTS221_Set_Odr	24	static
HTS221_Driver.c:758:17:HTS221_Set_HeaterState	24	static
HTS221_Driver.c:824:17:HTS221_Set_IrqActiveLevel	32	static
HTS221_Driver.c:867:17:HTS221_Set_IrqOutputType	32	static
HTS221_Driver.c:910:17:HTS221_Set_IrqEnable	24	static
