HTS221_Driver_HL.c:422:25:HTS221_H_Get_DRDY_Status	24	static
HTS221_Driver_HL.c:698:25:HTS221_T_Get_DRDY_Status	24	static
HTS221_Driver_HL.c:679:25:HTS221_T_Write_Reg	16	static
HTS221_Driver_HL.c:403:25:HTS221_H_Write_Reg	8	static
HTS221_Driver_HL.c:659:25:HTS221_T_Read_Reg	8	static
HTS221_Driver_HL.c:383:25:HTS221_H_Read_Reg	8	static
HTS221_Driver_HL.c:644:25:HTS221_T_Set_ODR_Value	16	static
HTS221_Driver_HL.c:937:25:HTS221_Set_ODR	8	static
HTS221_Driver_HL.c:630:25:HTS221_T_Set_ODR	8	static
HTS221_Driver_HL.c:898:25:HTS221_Get_ODR	24	static
HTS221_Driver_HL.c:616:25:HTS221_T_Get_ODR	8	static
HTS221_Driver_HL.c:326:25:HTS221_H_Get_Hum	24	static
HTS221_Driver_HL.c:828:25:HTS221_Check_WhoAmI	24	static
HTS221_Driver_HL.c:588:25:HTS221_T_Check_WhoAmI	8	static
HTS221_Driver_HL.c:509:25:HTS221_T_Sensor_Enable	8	static
HTS221_Driver_HL.c:602:25:HTS221_T_Get_Temp	24	static
HTS221_Driver_HL.c:542:25:HTS221_T_Sensor_Disable	8	static
HTS221_Driver_HL.c:482:25:HTS221_T_DeInit	8	static
HTS221_Driver_HL.c:738:25:HTS221_Init	8	static
HTS221_Driver_HL.c:177:25:HTS221_H_Init	8	static
HTS221_Driver_HL.c:455:25:HTS221_T_Init	8	static
HTS221_Driver_HL.c:312:25:HTS221_H_Check_WhoAmI	8	static
HTS221_Driver_HL.c:340:25:HTS221_H_Get_ODR	8	static
HTS221_Driver_HL.c:354:25:HTS221_H_Set_ODR	8	static
HTS221_Driver_HL.c:299:25:HTS221_H_Get_WhoAmI	8	static
HTS221_Driver_HL.c:575:25:HTS221_T_Get_WhoAmI	8	static
HTS221_Driver_HL.c:368:25:HTS221_H_Set_ODR_Value	16	static
HTS221_Driver_HL.c:232:25:HTS221_H_Sensor_Enable	8	static
HTS221_Driver_HL.c:265:25:HTS221_H_Sensor_Disable	8	static
HTS221_Driver_HL.c:204:25:HTS221_H_DeInit	8	static
