LPS22HB_Driver.c:92:18:LPS22HB_ReadReg	32	static
LPS22HB_Driver.c:113:18:LPS22HB_WriteReg	32	static
LPS22HB_Driver.c:132:18:LPS22HB_Get_DeviceID	8	static
LPS22HB_Driver.c:146:18:LPS22HB_Get_DriverVersion	0	static
LPS22HB_Driver.c:162:18:LPS22HB_Set_PowerMode	24	static
LPS22HB_Driver.c:186:18:LPS22HB_Get_PowerMode	24	static
LPS22HB_Driver.c:205:18:LPS22HB_Set_Odr	24	static
LPS22HB_Driver.c:230:18:LPS22HB_Get_Odr	24	static
LPS22HB_Driver.c:248:18:LPS22HB_Set_LowPassFilter	24	static
LPS22HB_Driver.c:275:18:LPS22HB_Set_LowPassFilterCutoff	24	static
LPS22HB_Driver.c:307:18:LPS22HB_Set_Bdu	32	static
LPS22HB_Driver.c:333:18:LPS22HB_Get_Bdu	24	static
LPS22HB_Driver.c:351:18:LPS22HB_Set_SpiInterface	24	static
LPS22HB_Driver.c:376:18:LPS22HB_Set_ClockTreeConfifuration	24	static
LPS22HB_Driver.c:403:18:LPS22HB_Get_SpiInterface	24	static
LPS22HB_Driver.c:420:18:LPS22HB_SwReset	24	static
LPS22HB_Driver.c:441:18:LPS22HB_MemoryBoot	24	static
LPS22HB_Driver.c:463:18:LPS22HB_SwResetAndMemoryBoot	24	static
LPS22HB_Driver.c:485:18:LPS22HB_Set_FifoModeUse	24	static
LPS22HB_Driver.c:508:18:LPS22HB_Set_FifoWatermarkLevelUse	24	static
LPS22HB_Driver.c:532:18:LPS22HB_Set_AutomaticIncrementRegAddress	24	static
LPS22HB_Driver.c:558:18:LPS22HB_Set_I2C	24	static
LPS22HB_Driver.c:585:18:LPS22HB_StartOneShotMeasurement	24	static
LPS22HB_Driver.c:609:18:LPS22HB_Set_InterruptActiveLevel	24	static
LPS22HB_Driver.c:634:18:LPS22HB_Set_InterruptOutputType	24	static
LPS22HB_Driver.c:658:18:LPS22HB_Set_InterruptControlConfig	24	static
LPS22HB_Driver.c:683:18:LPS22HB_Set_DRDYInterrupt	24	static
LPS22HB_Driver.c:708:18:LPS22HB_Set_FIFO_OVR_Interrupt	24	static
LPS22HB_Driver.c:733:18:LPS22HB_Set_FIFO_FTH_Interrupt	24	static
LPS22HB_Driver.c:757:18:LPS22HB_Set_FIFO_FULL_Interrupt	24	static
LPS22HB_Driver.c:785:18:LPS22HB_Set_AutoRifP	24	static
LPS22HB_Driver.c:806:18:LPS22HB_ResetAutoRifP	24	static
LPS22HB_Driver.c:829:18:LPS22HB_Set_AutoZeroFunction	24	static
LPS22HB_Driver.c:851:18:LPS22HB_ResetAutoZeroFunction	24	static
LPS22HB_Driver.c:876:18:LPS22HB_Set_InterruptDifferentialGeneration	24	static
LPS22HB_Driver.c:901:18:LPS22HB_Get_InterruptDifferentialGeneration	24	static
LPS22HB_Driver.c:919:18:LPS22HB_LatchInterruptRequest	24	static
LPS22HB_Driver.c:945:18:LPS22HB_Set_PLE	24	static
LPS22HB_Driver.c:969:18:LPS22HB_Set_PHE	24	static
LPS22HB_Driver.c:994:18:LPS22HB_Get_InterruptDifferentialEventStatus	24	static
LPS22HB_Driver.c:1016:18:LPS22HB_Get_DataStatus	24	static
LPS22HB_Driver.c:1041:18:LPS22HB_Get_RawPressure	24	static
LPS22HB_Driver.c:1071:18:LPS22HB_Get_Pressure	16	static
LPS22HB_Driver.c:1091:18:LPS22HB_Get_RawTemperature	24	static
LPS22HB_Driver.c:1116:18:LPS22HB_Get_Temperature	24	static
LPS22HB_Driver.c:1135:18:LPS22HB_Get_PressureThreshold	24	static
LPS22HB_Driver.c:1154:18:LPS22HB_Set_PressureThreshold	16	static
LPS22HB_Driver.c:1173:18:LPS22HB_Set_FifoMode	24	static
LPS22HB_Driver.c:1197:18:LPS22HB_Get_FifoMode	24	static
LPS22HB_Driver.c:1216:18:LPS22HB_Set_FifoWatermarkLevel	24	static
LPS22HB_Driver.c:1240:18:LPS22HB_Get_FifoWatermarkLevel	8	static
LPS22HB_Driver.c:1256:18:LPS22HB_Get_FifoStatus	24	static
LPS22HB_Driver.c:1287:18:LPS22HB_Get_PressureOffsetValue	24	static
LPS22HB_Driver.c:1310:18:LPS22HB_Get_ReferencePressure	24	static
LPS22HB_Driver.c:1342:18:LPS22HB_IsMeasurementCompleted	24	static
LPS22HB_Driver.c:1364:18:LPS22HB_Get_Measurement	24	static
LPS22HB_Driver.c:1421:18:LPS22HB_DeInit	16	static
LPS22HB_Driver.c:1443:18:LPS22HB_Set_GenericConfig	16	static
LPS22HB_Driver.c:1392:18:LPS22HB_Init	16	static
LPS22HB_Driver.c:1492:18:LPS22HB_Get_GenericConfig	32	static
LPS22HB_Driver.c:1527:18:LPS22HB_Set_InterruptConfig	16	static
LPS22HB_Driver.c:1638:18:LPS22HB_Get_InterruptConfig	32	static
LPS22HB_Driver.c:1676:18:LPS22HB_Set_FifoConfig	16	static
LPS22HB_Driver.c:1724:18:LPS22HB_Get_FifoConfig	24	static
