LPS22HB_Driver_HL.c:533:25:LPS22HB_P_Get_DRDY_Status	24	static
LPS22HB_Driver_HL.c:846:25:LPS22HB_T_Get_DRDY_Status	24	static
LPS22HB_Driver_HL.c:827:25:LPS22HB_T_Write_Reg	16	static
LPS22HB_Driver_HL.c:514:25:LPS22HB_P_Write_Reg	8	static
LPS22HB_Driver_HL.c:807:25:LPS22HB_T_Read_Reg	8	static
LPS22HB_Driver_HL.c:494:25:LPS22HB_P_Read_Reg	8	static
LPS22HB_Driver_HL.c:336:25:LPS22HB_P_Sensor_Disable	16	static
LPS22HB_Driver_HL.c:276:25:LPS22HB_P_DeInit	16	static
LPS22HB_Driver_HL.c:647:25:LPS22HB_T_Sensor_Disable	16	static
LPS22HB_Driver_HL.c:585:25:LPS22HB_T_DeInit	16	static
LPS22HB_Driver_HL.c:1021:25:LPS22HB_Get_ODR	24	static
LPS22HB_Driver_HL.c:727:25:LPS22HB_T_Get_ODR	8	static
LPS22HB_Driver_HL.c:951:25:LPS22HB_Check_WhoAmI	24	static
LPS22HB_Driver_HL.c:699:25:LPS22HB_T_Check_WhoAmI	8	static
LPS22HB_Driver_HL.c:1515:25:LPS22HB_FIFO_Set_Watermark_Level	8	static
LPS22HB_Driver_HL.c:1497:25:LPS22HB_FIFO_Get_Watermark_Level	8	static
LPS22HB_Driver_HL.c:1443:25:LPS22HB_FIFO_Get_Mode	24	static
LPS22HB_Driver_HL.c:1397:25:LPS22HB_FIFO_Get_Num_Of_Samples	16	static
LPS22HB_Driver_HL.c:1319:25:LPS22HB_FIFO_Get_Fth_Status	16	static
LPS22HB_Driver_HL.c:1297:25:LPS22HB_FIFO_Get_Ovr_Status	16	static
LPS22HB_Driver_HL.c:1275:25:LPS22HB_FIFO_Get_Full_Status	16	static
LPS22HB_Driver_HL.c:1253:25:LPS22HB_FIFO_Get_Empty_Status	16	static
LPS22HB_Driver_HL.c:1115:25:LPS22HB_Set_ODR_When_Disabled.isra.0	4	static
LPS22HB_Driver_HL.c:1152:25:LPS22HB_Set_ODR_Value_When_Enabled	16	static
LPS22HB_Driver_HL.c:306:25:LPS22HB_P_Sensor_Enable	16	static
LPS22HB_Driver_HL.c:774:25:LPS22HB_T_Set_ODR_Value	16	static
LPS22HB_Driver_HL.c:615:25:LPS22HB_T_Sensor_Enable	16	static
LPS22HB_Driver_HL.c:1067:25:LPS22HB_Set_ODR_When_Enabled	16	static
LPS22HB_Driver_HL.c:429:25:LPS22HB_P_Set_ODR	8	static
LPS22HB_Driver_HL.c:742:25:LPS22HB_T_Set_ODR	8	static
LPS22HB_Driver_HL.c:876:25:LPS22HB_Initialize.isra.4	16	static
LPS22HB_Driver_HL.c:247:25:LPS22HB_P_Init	16	static
LPS22HB_Driver_HL.c:555:25:LPS22HB_T_Init	16	static
LPS22HB_Driver_HL.c:1420:25:LPS22HB_FIFO_Get_Data	40	static
LPS22HB_Driver_HL.c:1598:25:LPS22HB_FIFO_Reset_Interrupt	8	static
LPS22HB_Driver_HL.c:1561:25:LPS22HB_FIFO_Set_Interrupt	8	static
LPS22HB_Driver_HL.c:1533:25:LPS22HB_FIFO_Watermark_Usage	8	static
LPS22HB_Driver_HL.c:1465:25:LPS22HB_FIFO_Set_Mode	8	static
LPS22HB_Driver_HL.c:1369:25:LPS22HB_FIFO_Usage	8	static
LPS22HB_Driver_HL.c:415:25:LPS22HB_P_Get_ODR	8	static
LPS22HB_Driver_HL.c:387:25:LPS22HB_P_Check_WhoAmI	8	static
LPS22HB_Driver_HL.c:685:25:LPS22HB_T_Get_WhoAmI	8	static
LPS22HB_Driver_HL.c:374:25:LPS22HB_P_Get_WhoAmI	8	static
LPS22HB_Driver_HL.c:1341:25:LPS22HB_FIFO_Stop_On_Fth	8	static
LPS22HB_Driver_HL.c:401:25:LPS22HB_P_Get_Press	24	static
LPS22HB_Driver_HL.c:713:25:LPS22HB_T_Get_Temp	24	static
LPS22HB_Driver_HL.c:461:25:LPS22HB_P_Set_ODR_Value	16	static
