LPS25HB_Driver_HL.c:419:25:LPS25HB_P_Get_DRDY_Status	24	static
LPS25HB_Driver_HL.c:690:25:LPS25HB_T_Get_DRDY_Status	24	static
LPS25HB_Driver_HL.c:671:25:LPS25HB_T_Write_Reg	16	static
LPS25HB_Driver_HL.c:400:25:LPS25HB_P_Write_Reg	8	static
LPS25HB_Driver_HL.c:651:25:LPS25HB_T_Read_Reg	8	static
LPS25HB_Driver_HL.c:380:25:LPS25HB_P_Read_Reg	8	static
LPS25HB_Driver_HL.c:979:25:LPS25HB_Set_ODR_Value	16	static
LPS25HB_Driver_HL.c:636:25:LPS25HB_T_Set_ODR_Value	8	static
LPS25HB_Driver_HL.c:938:25:LPS25HB_Set_ODR	8	static
LPS25HB_Driver_HL.c:622:25:LPS25HB_T_Set_ODR	8	static
LPS25HB_Driver_HL.c:896:25:LPS25HB_Get_ODR	24	static
LPS25HB_Driver_HL.c:607:25:LPS25HB_T_Get_ODR	8	static
LPS25HB_Driver_HL.c:323:25:LPS25HB_P_Get_Press	24	static
LPS25HB_Driver_HL.c:826:25:LPS25HB_Check_WhoAmI	24	static
LPS25HB_Driver_HL.c:579:25:LPS25HB_T_Check_WhoAmI	8	static
LPS25HB_Driver_HL.c:229:25:LPS25HB_P_Sensor_Enable	8	static
LPS25HB_Driver_HL.c:593:25:LPS25HB_T_Get_Temp	24	static
LPS25HB_Driver_HL.c:262:25:LPS25HB_P_Sensor_Disable	8	static
LPS25HB_Driver_HL.c:202:25:LPS25HB_P_DeInit	8	static
LPS25HB_Driver_HL.c:719:25:LPS25HB_Init	8	static
LPS25HB_Driver_HL.c:175:25:LPS25HB_P_Init	8	static
LPS25HB_Driver_HL.c:441:25:LPS25HB_T_Init	8	static
LPS25HB_Driver_HL.c:365:25:LPS25HB_P_Set_ODR_Value	8	static
LPS25HB_Driver_HL.c:309:25:LPS25HB_P_Check_WhoAmI	8	static
LPS25HB_Driver_HL.c:337:25:LPS25HB_P_Get_ODR	8	static
LPS25HB_Driver_HL.c:351:25:LPS25HB_P_Set_ODR	8	static
LPS25HB_Driver_HL.c:296:25:LPS25HB_P_Get_WhoAmI	8	static
LPS25HB_Driver_HL.c:565:25:LPS25HB_T_Get_WhoAmI	8	static
LPS25HB_Driver_HL.c:497:25:LPS25HB_T_Sensor_Enable	8	static
LPS25HB_Driver_HL.c:531:25:LPS25HB_T_Sensor_Disable	8	static
LPS25HB_Driver_HL.c:469:25:LPS25HB_T_DeInit	8	static
