LPS25HB_Driver.c:85:18:LPS25HB_ReadReg	8	static
LPS25HB_Driver.c:104:18:LPS25HB_WriteReg	8	static
LPS25HB_Driver.c:131:18:LPS25HB_Get_DeviceID	8	static
LPS25HB_Driver.c:145:18:LPS25HB_Get_DriverVersion	0	static
LPS25HB_Driver.c:262:18:LPS25HB_Get_AvgP	24	static
LPS25HB_Driver.c:281:18:LPS25HB_Get_AvgT	24	static
LPS25HB_Driver.c:325:18:LPS25HB_Get_Odr	24	static
LPS25HB_Driver.c:394:18:LPS25HB_Get_Bdu	24	static
LPS25HB_Driver.c:436:18:LPS25HB_Get_InterruptCircuitEnable	24	static
LPS25HB_Driver.c:455:18:LPS25HB_ResetAZ	24	static
LPS25HB_Driver.c:503:18:LPS25HB_Get_SpiInterface	24	static
LPS25HB_Driver.c:550:18:LPS25HB_StartOneShotMeasurement	24	static
LPS25HB_Driver.c:598:18:LPS25HB_SwReset	24	static
LPS25HB_Driver.c:619:18:LPS25HB_MemoryBoot	24	static
LPS25HB_Driver.c:641:18:LPS25HB_SwResetAndMemoryBoot	24	static
LPS25HB_Driver.c:886:18:LPS25HB_Get_InterruptDifferentialEventStatus	24	static
LPS25HB_Driver.c:907:18:LPS25HB_Get_DataStatus	24	static
LPS25HB_Driver.c:931:18:LPS25HB_Get_RawPressure	24	static
LPS25HB_Driver.c:961:18:LPS25HB_Get_Pressure	16	static
LPS25HB_Driver.c:981:18:LPS25HB_Get_RawTemperature	24	static
LPS25HB_Driver.c:1006:18:LPS25HB_Get_Temperature	24	static
LPS25HB_Driver.c:1025:18:LPS25HB_Get_PressureThreshold	24	static
LPS25HB_Driver.c:1045:18:LPS25HB_Set_PressureThreshold	16	static
LPS25HB_Driver.c:1089:18:LPS25HB_Get_FifoMode	24	static
LPS25HB_Driver.c:1108:18:LPS25HB_Get_FifoStatus	24	static
LPS25HB_Driver.c:1153:18:LPS25HB_Get_FifoWatermarkLevel	8	static
LPS25HB_Driver.c:1194:18:LPS25HB_Get_FifoSampleSize	24	static
LPS25HB_Driver.c:1213:18:LPS25HB_Get_PressureOffsetValue	24	static
LPS25HB_Driver.c:1286:18:LPS25HB_Get_GenericConfig	32	static
LPS25HB_Driver.c:1360:18:LPS25HB_Get_InterruptConfig	24	static
LPS25HB_Driver.c:1444:18:LPS25HB_Get_FifoConfig	32	static
LPS25HB_Driver.c:1494:18:LPS25HB_Get_ReferencePressure	24	static
LPS25HB_Driver.c:1525:18:LPS25HB_IsMeasurementCompleted	24	static
LPS25HB_Driver.c:1547:18:LPS25HB_Get_Measurement	24	static
LPS25HB_Driver.c:1602:6:LPS25HB_assert_failed	8	static
LPS25HB_Driver.c:161:18:LPS25HB_Set_Avg	32	static
LPS25HB_Driver.c:214:18:LPS25HB_Set_AvgP	24	static
LPS25HB_Driver.c:238:18:LPS25HB_Set_AvgT	32	static
LPS25HB_Driver.c:300:18:LPS25HB_Set_Odr	24	static
LPS25HB_Driver.c:343:18:LPS25HB_Set_PowerDownMode	24	static
LPS25HB_Driver.c:187:18:LPS25HB_Activate	8	static
LPS25HB_Driver.c:200:18:LPS25HB_DeActivate	8	static
LPS25HB_Driver.c:1573:18:LPS25HB_DeInit	16	static
LPS25HB_Driver.c:370:18:LPS25HB_Set_Bdu	32	static
LPS25HB_Driver.c:412:18:LPS25HB_Set_InterruptCircuitEnable	24	static
LPS25HB_Driver.c:478:18:LPS25HB_Set_SpiInterface	24	static
LPS25HB_Driver.c:521:18:LPS25HB_Set_I2C	24	static
LPS25HB_Driver.c:575:18:LPS25HB_Set_AutoZeroFunction	24	static
LPS25HB_Driver.c:1234:18:LPS25HB_Set_GenericConfig	16	static
LPS25HB_Driver.c:662:18:LPS25HB_Set_FifoModeUse	24	static
LPS25HB_Driver.c:685:18:LPS25HB_Set_FifoWatermarkLevelUse	24	static
LPS25HB_Driver.c:709:18:LPS25HB_Set_FifoMeanDecUse	24	static
LPS25HB_Driver.c:734:18:LPS25HB_Set_InterruptActiveLevel	24	static
LPS25HB_Driver.c:758:18:LPS25HB_Set_InterruptOutputType	32	static
LPS25HB_Driver.c:782:18:LPS25HB_Set_InterruptControlConfig	24	static
LPS25HB_Driver.c:806:18:LPS25HB_Set_InterruptDataConfig	24	static
LPS25HB_Driver.c:831:18:LPS25HB_Set_InterruptDifferentialConfig	24	static
LPS25HB_Driver.c:861:18:LPS25HB_LatchInterruptRequest	24	static
LPS25HB_Driver.c:1321:18:LPS25HB_Set_InterruptConfig	16	static
LPS25HB_Driver.c:1065:18:LPS25HB_Set_FifoMode	24	static
LPS25HB_Driver.c:1129:18:LPS25HB_Set_FifoWatermarkLevel	24	static
LPS25HB_Driver.c:1169:18:LPS25HB_Set_FifoSampleSize	32	static
LPS25HB_Driver.c:1397:18:LPS25HB_Set_FifoConfig	16	static
